// Snapshot v1

exports[`My Login application > should login with valid credentials > flashAlert 1`] = `
"<div data- id="flash" class="flash success">You logged into a secure area!
  <a href="#" class="close">Ã—</a>
</div>"
`;

exports[`Volvo Cars Safety Highlights - Visual Regression Test > should match the full page screenshot with the baseline > fullpage 1`] = `
Browser {
  "addCommand": [Function],
  "addLocatorStrategy": [Function],
  "capabilities": {
    "acceptInsecureCerts": true,
    "browserName": "chrome",
    "browserVersion": "128.0.6613.114",
    "chrome": {
      "chromedriverVersion": "128.0.6613.114 (1f174bbc1f537ef558060fb4291bf7813c2ed02c-refs/branch-heads/6613@{#1430})",
      "userDataDir": "C:\\Users\\HUAWEI\\AppData\\Local\\Temp\\scoped_dir3248_824619261",
    },
    "fedcm:accounts": true,
    "goog:chromeOptions": {
      "debuggerAddress": "localhost:32194",
    },
    "networkConnectionEnabled": false,
    "pageLoadStrategy": "normal",
    "platformName": "windows",
    "proxy": {},
    "setWindowRect": true,
    "strictFileInteractability": false,
    "timeouts": {
      "implicit": 0,
      "pageLoad": 300000,
      "script": 30000,
    },
    "unhandledPromptBehavior": "dismiss and notify",
    "wdio:driverPID": 3248,
    "webSocketUrl": "ws://localhost:32171/session/192af45ab72abd2d6236fe7ee1a98a21",
    "webauthn:extension:credBlob": true,
    "webauthn:extension:largeBlob": true,
    "webauthn:extension:minPinLength": true,
    "webauthn:extension:prf": true,
    "webauthn:virtualAuthenticators": true,
  },
  "overwriteCommand": [Function],
  "sessionId": "192af45ab72abd2d6236fe7ee1a98a21",
}
`;

exports[`Volvo Cars Safety Highlights - Visual Regression Test > should match the full page screenshot with the baseline > partialPage 1`] = `
Browser {
  "addCommand": [Function],
  "addLocatorStrategy": [Function],
  "capabilities": {
    "acceptInsecureCerts": true,
    "browserName": "chrome",
    "browserVersion": "128.0.6613.114",
    "chrome": {
      "chromedriverVersion": "128.0.6613.114 (1f174bbc1f537ef558060fb4291bf7813c2ed02c-refs/branch-heads/6613@{#1430})",
      "userDataDir": "C:\\Users\\HUAWEI\\AppData\\Local\\Temp\\scoped_dir10684_1112336725",
    },
    "fedcm:accounts": true,
    "goog:chromeOptions": {
      "debuggerAddress": "localhost:36055",
    },
    "networkConnectionEnabled": false,
    "pageLoadStrategy": "normal",
    "platformName": "windows",
    "proxy": {},
    "setWindowRect": true,
    "strictFileInteractability": false,
    "timeouts": {
      "implicit": 0,
      "pageLoad": 300000,
      "script": 30000,
    },
    "unhandledPromptBehavior": "dismiss and notify",
    "wdio:driverPID": 10684,
    "webSocketUrl": "ws://localhost:36033/session/9ac4e1d1618d7988887e5f0223d23078",
    "webauthn:extension:credBlob": true,
    "webauthn:extension:largeBlob": true,
    "webauthn:extension:minPinLength": true,
    "webauthn:extension:prf": true,
    "webauthn:virtualAuthenticators": true,
  },
  "overwriteCommand": [Function],
  "sessionId": "9ac4e1d1618d7988887e5f0223d23078",
}
`;
